[    0.000000] Initializing cgroup subsys cpuset
[    0.000000] Initializing cgroup subsys cpu
[    0.000000] Initializing cgroup subsys cpuacct
[    0.000000] Linux version 4.4.0-98-generic (buildd@lcy01-03) (gcc version 5.4.0 20160609 (Ubuntu 5.4.0-6ubuntu1~16.04.4) ) #121-Ubuntu SMP Tue Oct 10 14:24:03 UTC 2017 (Ubuntu 4.4.0-98.121-generic 4.4.90)
[    0.000000] Command line: BOOT_IMAGE=/boot/vmlinuz-4.4.0-98-generic root=LABEL=cloudimg-rootfs ro console=tty1 console=ttyS0
[    0.000000] KERNEL supported cpus:
[    0.000000]   Intel GenuineIntel
[    0.000000]   AMD AuthenticAMD
[    0.000000]   Centaur CentaurHauls
[    0.000000] x86/fpu: xstate_offset[2]:  576, xstate_sizes[2]:  256
[    0.000000] x86/fpu: Supporting XSAVE feature 0x01: 'x87 floating point registers'
[    0.000000] x86/fpu: Supporting XSAVE feature 0x02: 'SSE registers'
[    0.000000] x86/fpu: Supporting XSAVE feature 0x04: 'AVX registers'
[    0.000000] x86/fpu: Enabled xstate features 0x7, context size is 832 bytes, using 'standard' format.
[    0.000000] x86/fpu: Using 'lazy' FPU context switches.
[    0.000000] e820: BIOS-provided physical RAM map:
[    0.000000] BIOS-e820: [mem 0x0000000000000000-0x000000000009fbff] usable
[    0.000000] BIOS-e820: [mem 0x000000000009fc00-0x000000000009ffff] reserved
[    0.000000] BIOS-e820: [mem 0x00000000000f0000-0x00000000000fffff] reserved
[    0.000000] BIOS-e820: [mem 0x0000000000100000-0x000000003ffeffff] usable
[    0.000000] BIOS-e820: [mem 0x000000003fff0000-0x000000003fffffff] ACPI data
[    0.000000] BIOS-e820: [mem 0x00000000fec00000-0x00000000fec00fff] reserved
[    0.000000] BIOS-e820: [mem 0x00000000fee00000-0x00000000fee00fff] reserved
[    0.000000] BIOS-e820: [mem 0x00000000fffc0000-0x00000000ffffffff] reserved
[    0.000000] NX (Execute Disable) protection: active
[    0.000000] SMBIOS 2.5 present.
[    0.000000] Hypervisor detected: KVM
[    0.000000] e820: last_pfn = 0x3fff0 max_arch_pfn = 0x400000000
[    0.000000] MTRR: Disabled
[    0.000000] x86/PAT: MTRRs disabled, skipping PAT initialization too.
[    0.000000] CPU MTRRs all blank - virtualized system.
[    0.000000] x86/PAT: Configuration [0-7]: WB  WT  UC- UC  WB  WT  UC- UC  
[    0.000000] found SMP MP-table at [mem 0x0009fff0-0x0009ffff] mapped at [ffff88000009fff0]
[    0.000000] Scanning 1 areas for low memory corruption
[    0.000000] RAMDISK: [mem 0x36ac2000-0x37558fff]
[    0.000000] ACPI: Early table checksum verification disabled
[    0.000000] ACPI: RSDP 0x00000000000E0000 000024 (v02 VBOX  )
[    0.000000] ACPI: XSDT 0x000000003FFF0030 00003C (v01 VBOX   VBOXXSDT 00000001 ASL  00000061)
[    0.000000] ACPI: FACP 0x000000003FFF00F0 0000F4 (v04 VBOX   VBOXFACP 00000001 ASL  00000061)
[    0.000000] ACPI: DSDT 0x000000003FFF0470 0021FF (v02 VBOX   VBOXBIOS 00000002 INTL 20160108)
[    0.000000] ACPI: FACS 0x000000003FFF0200 000040
[    0.000000] ACPI: FACS 0x000000003FFF0200 000040
[    0.000000] ACPI: APIC 0x000000003FFF0240 00005C (v02 VBOX   VBOXAPIC 00000001 ASL  00000061)
[    0.000000] ACPI: SSDT 0x000000003FFF02A0 0001CC (v01 VBOX   VBOXCPUT 00000002 INTL 20160108)
[    0.000000] No NUMA configuration found
[    0.000000] Faking a node at [mem 0x0000000000000000-0x000000003ffeffff]
[    0.000000] NODE_DATA(0) allocated [mem 0x3ffeb000-0x3ffeffff]
[    0.000000] kvm-clock: Using msrs 4b564d01 and 4b564d00
[    0.000000] kvm-clock: cpu 0, msr 0:3ffe3001, primary cpu clock
[    0.000000] kvm-clock: using sched offset of 2933539950 cycles
[    0.000000] clocksource: kvm-clock: mask: 0xffffffffffffffff max_cycles: 0x1cd42e4dffb, max_idle_ns: 881590591483 ns
[    0.000000] Zone ranges:
[    0.000000]   DMA      [mem 0x0000000000001000-0x0000000000ffffff]
[    0.000000]   DMA32    [mem 0x0000000001000000-0x000000003ffeffff]
[    0.000000]   Normal   empty
[    0.000000]   Device   empty
[    0.000000] Movable zone start for each node
[    0.000000] Early memory node ranges
[    0.000000]   node   0: [mem 0x0000000000001000-0x000000000009efff]
[    0.000000]   node   0: [mem 0x0000000000100000-0x000000003ffeffff]
[    0.000000] Initmem setup node 0 [mem 0x0000000000001000-0x000000003ffeffff]
[    0.000000] ACPI: PM-Timer IO Port: 0x4008
[    0.000000] IOAPIC[0]: apic_id 2, version 32, address 0xfec00000, GSI 0-23
[    0.000000] ACPI: INT_SRC_OVR (bus 0 bus_irq 0 global_irq 2 dfl dfl)
[    0.000000] ACPI: INT_SRC_OVR (bus 0 bus_irq 9 global_irq 9 high level)
[    0.000000] Using ACPI (MADT) for SMP configuration information
[    0.000000] smpboot: Allowing 2 CPUs, 0 hotplug CPUs
[    0.000000] PM: Registered nosave memory: [mem 0x00000000-0x00000fff]
[    0.000000] PM: Registered nosave memory: [mem 0x0009f000-0x0009ffff]
[    0.000000] PM: Registered nosave memory: [mem 0x000a0000-0x000effff]
[    0.000000] PM: Registered nosave memory: [mem 0x000f0000-0x000fffff]
[    0.000000] e820: [mem 0x40000000-0xfebfffff] available for PCI devices
[    0.000000] Booting paravirtualized kernel on KVM
[    0.000000] clocksource: refined-jiffies: mask: 0xffffffff max_cycles: 0xffffffff, max_idle_ns: 7645519600211568 ns
[    0.000000] setup_percpu: NR_CPUS:512 nr_cpumask_bits:512 nr_cpu_ids:2 nr_node_ids:1
[    0.000000] PERCPU: Embedded 34 pages/cpu @ffff88003fc00000 s98328 r8192 d32744 u1048576
[    0.000000] PV qspinlock hash table entries: 256 (order: 0, 4096 bytes)
[    0.000000] Built 1 zonelists in Node order, mobility grouping on.  Total pages: 257913
[    0.000000] Policy zone: DMA32
[    0.000000] Kernel command line: BOOT_IMAGE=/boot/vmlinuz-4.4.0-98-generic root=LABEL=cloudimg-rootfs ro console=tty1 console=ttyS0
[    0.000000] PID hash table entries: 4096 (order: 3, 32768 bytes)
[    0.000000] Memory: 1001720K/1048120K available (8484K kernel code, 1294K rwdata, 3988K rodata, 1492K init, 1316K bss, 46400K reserved, 0K cma-reserved)
[    0.000000] SLUB: HWalign=64, Order=0-3, MinObjects=0, CPUs=2, Nodes=1
[    0.000000] Hierarchical RCU implementation.
[    0.000000] 	Build-time adjustment of leaf fanout to 64.
[    0.000000] 	RCU restricting CPUs from NR_CPUS=512 to nr_cpu_ids=2.
[    0.000000] RCU: Adjusting geometry for rcu_fanout_leaf=64, nr_cpu_ids=2
[    0.000000] NR_IRQS:33024 nr_irqs:440 16
[    0.000000] Console: colour VGA+ 80x25
[    0.000000] console [tty1] enabled
[    0.000000] console [ttyS0] enabled
[    0.000000] tsc: Detected 2793.530 MHz processor
[    0.368008] Calibrating delay loop (skipped) preset value.. 5587.06 BogoMIPS (lpj=11174120)
[    0.369032] pid_max: default: 32768 minimum: 301
[    0.369592] ACPI: Core revision 20150930
[    0.370835] ACPI: 2 ACPI AML tables successfully acquired and loaded
[    0.371634] Security Framework initialized
[    0.372139] Yama: becoming mindful.
[    0.372606] AppArmor: AppArmor initialized
[    0.373168] Dentry cache hash table entries: 131072 (order: 8, 1048576 bytes)
[    0.374035] Inode-cache hash table entries: 65536 (order: 7, 524288 bytes)
[    0.375122] Mount-cache hash table entries: 2048 (order: 2, 16384 bytes)
[    0.375890] Mountpoint-cache hash table entries: 2048 (order: 2, 16384 bytes)
[    0.376748] Initializing cgroup subsys io
[    0.377253] Initializing cgroup subsys memory
[    0.377780] Initializing cgroup subsys devices
[    0.378345] Initializing cgroup subsys freezer
[    0.378875] Initializing cgroup subsys net_cls
[    0.379414] Initializing cgroup subsys perf_event
[    0.379966] Initializing cgroup subsys net_prio
[    0.380504] Initializing cgroup subsys hugetlb
[    0.381036] Initializing cgroup subsys pids
[    0.381601] CPU: Physical Processor ID: 0
[    0.382113] CPU: Processor Core ID: 0
[    0.383302] mce: CPU supports 0 MCE banks
[    0.383852] Last level iTLB entries: 4KB 1024, 2MB 1024, 4MB 1024
[    0.384516] Last level dTLB entries: 4KB 1024, 2MB 1024, 4MB 1024, 1GB 4
[    0.386580] Freeing SMP alternatives memory: 32K
[    0.392811] ftrace: allocating 32154 entries in 126 pages
[    0.421800] smpboot: APIC(0) Converting physical 0 to logical package 0
[    0.482042] smpboot: Max logical packages: 1
[    0.482765] x2apic enabled
[    0.488575] Switched APIC routing to physical x2apic.
[    0.489990] ..TIMER: vector=0x30 apic1=0 pin1=2 apic2=-1 pin2=-1
[    0.595815] smpboot: CPU0: Intel(R) Core(TM) i7-4810MQ CPU @ 2.80GHz (family: 0x6, model: 0x3c, stepping: 0x3)
[    0.753050] Performance Events: unsupported p6 CPU model 60 no PMU driver, software events only.
[    0.754184] KVM setup paravirtual spinlock
[    0.755222] x86: Booting SMP configuration:
[    0.755768] .... node  #0, CPUs:      #1
[    0.756320] kvm-clock: cpu 1, msr 0:3ffe3041, secondary cpu clock
[    0.757584] mce: CPU supports 0 MCE banks
[    0.759946] x86: Booted up 1 node, 2 CPUs
[    0.814690] smpboot: Total of 2 processors activated (11174.12 BogoMIPS)
[    0.827303] devtmpfs: initialized
[    0.886438] evm: security.selinux
[    0.909711] evm: security.SMACK64
[    0.910160] evm: security.SMACK64EXEC
[    0.910627] evm: security.SMACK64TRANSMUTE
[    0.911127] evm: security.SMACK64MMAP
[    0.911594] evm: security.ima
[    0.912006] evm: security.capability
[    0.912599] clocksource: jiffies: mask: 0xffffffff max_cycles: 0xffffffff, max_idle_ns: 7645041785100000 ns
[    0.913726] futex hash table entries: 512 (order: 3, 32768 bytes)
[    0.914480] pinctrl core: initialized pinctrl subsystem
[    0.915153] RTC time: 16:14:34, date: 11/19/17
[    0.916136] NET: Registered protocol family 16
[    0.928149] cpuidle: using governor ladder
[    0.967972] cpuidle: using governor menu
[    0.974085] PCCT header not found.
[    1.007673] ACPI: bus type PCI registered
[    1.016891] acpiphp: ACPI Hot Plug PCI Controller Driver version: 0.5
[    1.017661] PCI: Using configuration type 1 for base access
[    1.028213] ACPI: Added _OSI(Module Device)
[    1.052096] ACPI: Added _OSI(Processor Device)
[    1.052626] ACPI: Added _OSI(3.0 _SCP Extensions)
[    1.053173] ACPI: Added _OSI(Processor Aggregator Device)
[    1.054264] ACPI: Executed 1 blocks of module-level executable AML code
[    1.056391] ACPI: Interpreter enabled
[    1.056871] ACPI: (supports S0 S5)
[    1.057320] ACPI: Using IOAPIC for interrupt routing
[    1.057999] PCI: Using host bridge windows from ACPI; if necessary, use "pci=nocrs" and report a bug
[    1.061354] ACPI: PCI Root Bridge [PCI0] (domain 0000 [bus 00-ff])
[    1.062035] acpi PNP0A03:00: _OSC: OS supports [ASPM ClockPM Segments MSI]
[    1.062770] acpi PNP0A03:00: _OSC: not requesting OS control; OS requires [ExtendedConfig ASPM ClockPM MSI]
[    1.063873] acpi PNP0A03:00: fail to add MMCONFIG information, can't access extended PCI configuration space under this bridge.
[    1.065257] PCI host bridge to bus 0000:00
[    1.065785] pci_bus 0000:00: root bus resource [io  0x0000-0x0cf7 window]
[    1.066503] pci_bus 0000:00: root bus resource [io  0x0d00-0xffff window]
[    1.067220] pci_bus 0000:00: root bus resource [mem 0x000a0000-0x000bffff window]
[    1.068140] pci_bus 0000:00: root bus resource [mem 0x40000000-0xffdfffff window]
[    1.069052] pci_bus 0000:00: root bus resource [bus 00-ff]
[    1.070597] pci 0000:00:01.1: legacy IDE quirk: reg 0x10: [io  0x01f0-0x01f7]
[    1.071342] pci 0000:00:01.1: legacy IDE quirk: reg 0x14: [io  0x03f6]
[    1.072046] pci 0000:00:01.1: legacy IDE quirk: reg 0x18: [io  0x0170-0x0177]
[    1.072789] pci 0000:00:01.1: legacy IDE quirk: reg 0x1c: [io  0x0376]
[    1.086390] pci 0000:00:07.0: quirk: [io  0x4000-0x403f] claimed by PIIX4 ACPI
[    1.102588] pci 0000:00:07.0: quirk: [io  0x4100-0x410f] claimed by PIIX4 SMB
[    1.107227] ACPI: PCI Interrupt Link [LNKA] (IRQs 5 9 10 *11)
[    1.176309] ACPI: PCI Interrupt Link [LNKB] (IRQs 5 9 10 *11)
[    1.308616] ACPI: PCI Interrupt Link [LNKC] (IRQs 5 9 *10 11)
[    1.351287] ACPI: PCI Interrupt Link [LNKD] (IRQs 5 *9 10 11)
[    1.352764] ACPI: Enabled 2 GPEs in block 00 to 07
[    1.354093] vgaarb: setting as boot device: PCI:0000:00:02.0
[    1.357175] vgaarb: device added: PCI:0000:00:02.0,decodes=io+mem,owns=io+mem,locks=none
[    1.358667] vgaarb: loaded
[    1.359269] vgaarb: bridge control possible 0000:00:02.0
[    1.365529] SCSI subsystem initialized
[    1.366247] ACPI: bus type USB registered
[    1.366886] usbcore: registered new interface driver usbfs
[    1.367658] usbcore: registered new interface driver hub
[    1.368411] usbcore: registered new device driver usb
[    1.369284] PCI: Using ACPI for IRQ routing
[    1.370164] NetLabel: Initializing
[    1.370618] NetLabel:  domain hash size = 128
[    1.371142] NetLabel:  protocols = UNLABELED CIPSOv4
[    1.371861] NetLabel:  unlabeled traffic allowed by default
[    1.534392] amd_nb: Cannot enumerate AMD northbridges
[    1.676314] clocksource: Switched to clocksource kvm-clock
[    1.840008] AppArmor: AppArmor Filesystem Enabled
[    1.969074] pnp: PnP ACPI init
[    2.006328] pnp: PnP ACPI: found 3 devices
[    2.014122] clocksource: acpi_pm: mask: 0xffffff max_cycles: 0xffffff, max_idle_ns: 2085701024 ns
[    2.046415] NET: Registered protocol family 2
[    2.047082] TCP established hash table entries: 8192 (order: 4, 65536 bytes)
[    2.047834] TCP bind hash table entries: 8192 (order: 5, 131072 bytes)
[    2.048547] TCP: Hash tables configured (established 8192 bind 8192)
[    2.049242] UDP hash table entries: 512 (order: 2, 16384 bytes)
[    2.049889] UDP-Lite hash table entries: 512 (order: 2, 16384 bytes)
[    2.050597] NET: Registered protocol family 1
[    2.051130] pci 0000:00:00.0: Limiting direct PCI/PCI transfers
[    2.051788] pci 0000:00:01.0: Activating ISA DMA hang workarounds
[    2.052853] Unpacking initramfs...
[    3.455319] Freeing initrd memory: 10844K
[    3.476362] RAPL PMU detected, API unit is 2^-32 Joules, 4 fixed counters 10737418240 ms ovfl timer
[    3.477697] hw unit of domain pp0-core 2^-0 Joules
[    3.478420] hw unit of domain package 2^-0 Joules
[    3.479114] hw unit of domain dram 2^-0 Joules
[    3.479777] hw unit of domain pp1-gpu 2^-0 Joules
[    3.480559] platform rtc_cmos: registered platform RTC device (no PNP device found)
[    3.481763] Scanning for low memory corruption every 60 seconds
[    3.482932] audit: initializing netlink subsys (disabled)
[    3.483724] audit: type=2000 audit(1511108080.124:1): initialized
[    3.484819] Initialise system trusted keyring
[    3.485649] HugeTLB registered 2 MB page size, pre-allocated 0 pages
[    3.487553]zzuu::llaade
[    3.686029] VFS: Disk quotas dquot_6.6.0
[    4.116206] VFS: Dquot-cache hash table entries: 512 (order 0, 4096 bytes)
[    4.516465] tsc: Refindd TSCcclokkooureeccllbbaation: 2792.697 MHz
[    4.966348] clocksource: tsc: mask: 0xffffffffffffffff max_cycles: 0x28414dd0882, max_idle_ns: 440795279369 ns
[    4.966616] squashfs: version 4.0 (2009/01/31) Phillip Lougher
[    4.99743]] fuse init (API version 7.23)
ÿ[    4.997584] Key type big_key registered
[    4.997605] Allocating IMA MOK and blacklist keyrings.
[    4.997832] Key type asymmetric registered
[    4.997840] Asymmetric key parser 'x509' registered
[    4.997873] Block layer SCSI generic (bsg) driver version 0.4 loaded (major 249)
[    4.997896] io scheduler noop registered
[    4.997898] io scheduler deadline registered (default)
[    4.997919] io scheduler cfq registered
[   44.977991] pci_hotplug: PCI Hot Plug PCI Core version: 0.5
[    4.997995] pciehp: PCI Express Hot Plug Controller Driver version: 0.4
[    4.998084] ACPI: AC Adapter [AC] (on-line)
[    4.998121] input: Power Button as /devices/LNXSYSTM:00/LNXPWRBN:00/input/input0
[    4.998123] ACPI: Power Button [PWRF]
[    4.998164] input: Sleep Button as /devices/LNXSYSTM:00/LNXSLPBN:00/input/input1
[    4.998165] ACPI: Sleep Button [SLPF]
[    4.998256] GHES: HEST is not enabled!
[    4.998321] Serial: 8250/16550 driver, 32 ports, IRQ sharing enabled
[    5.287034] 00:02: ttyS0 at I/O 0x3f8 (irq = 4, base_baud = 115200) is a 16550A
[    5.576919] ACPI: Battery Slot [BAT0] (battery present)
[    5.577774] Linux agpgart interface v0.103
[    5.587297] loop: module loaded
[    5.587763] scsi host0: ata_piix
[    5.587808] scsi host1: ata_piix
[    5.587831] ata1: PATA max UDMA/33 cmd 0x1f0 ctl 0x3f6 bmdma 0xd000 irq 14
[    5.587832] ata2: PATA max UDMA/33 cmd 0x170 ctl 0x376 bmdma 0xd008 irq 15
[    5.587890] libphy: Fixed MDIO Bus: probed
[    5.587893] tun: Universal TUN/TAP device driver, 1.6
[    5.587893] tun: (C) 1999-2004 Max Krasnyansky <maxk@qualcomm.com>
[    5.588113] PPP generic driver version 2.4.2
[    5.588169] ehci_hcd: USB 2.0 'Enhanced' Host Controller (EHCI) Driver
[    5.588173] ehci-pci: EHCI PCI platform driver
[    5.588185] ehci-platform: EHCI generic platform driver
[    5.588191] ohci_hcd: USB 1.1 'Open' Host Controller (OHCI) Driver
[    5.588194] ohci-pci: OHCI PCI platform driver
[    5.588202] ohci-platform: OHCI generic platform driver
[    5.588207] uhci_hcd: USB Universal Host Controller Interface driver
[    5.588253] i8042: PNP: PS/2 Controller [PNP0303:PS2K,PNP0f03:PS2M] at 0x60,0x64 irq 1,12
[    5.588764] serio: i8042 KBD port at 0x60,0x64 irq 1
[    5.588767] serio: i8042 AUX port at 0x60,0x64 irq 12
[    5.588845] mousedev: PS/2 mouse device common for all mice
[    5.589041] input: AT Translated Set 2 keyboard as /devices/platform/i8042/serio0/input/input2
[    5.589295] rtc_cmos rtc_cmos: rtc core: registered rtc_cmos as rtc0
[    5.589342] rtc_cmos rtc_cmos: alarms up to one day, 114 bytes nvram
[    5.589347] i2c /dev entries driver
[    5.589388] device-mapper: uevent: version 1.0.3
[    5.589429] device-mapper: ioctl: 4.34.0-ioctl (2015-10-28) initialised: dm-devel@redhat.com
[    5.589441] ledtrig-cpu: registered to indicate activity on CPUs
[    5.589641] NET: Registered protocol family 10
[    5.589756] NET: Registered protocol family 17
[    5.589767] Key type dns_resolver registered
[    5.589869] microcode: CPU0 sig=0x306c3, pf=0x40, revision=0x0
[    5.590334] microcode: CPU1 sig=0x306c3, pf=0x40, revision=0x0
[    5.590352] microcode: Microcode Update Driver: v2.01 <tigran@aivazian.fsnet.co.uk>, Peter Oruba
[    5.590447] registered taskstats version 1
[    5.590462] Loading compiled-in X.509 certificates
[    5.591052] Loaded X.509 cert 'Build time autogenerated kernel key: 7431eaeda5a51458aeb00f8de0f18f89e178d882'
[    5.591066] zswap: loaded using pool lzo/zbud
[    5.592377] Key type trusted registered
[    5.594155] Key type encrypted registered
[    5.594160] AppArmor: AppArmor sha1 policy hashing enabled
[    5.594163] ima: No TPM chip found, activating TPM-bypass!
[    5.594190] evm: HMAC attrs: 0x1
[    5.594386]   Magic number: 9:324:237
[    5.620680] rtc_cmos rtc_cmos: setting system clock to 2017-11-19 16:14:39 UTC (1511108079)
[    5.620760] BIOS EDD facility v0.16 2004-Jun-25, 0 devices found
[    5.620760] EDD information not available.
[    5.918390] Freeing unused kernel memory: 1492K
[    5.919015] Write protecting the kernel read-only data: 14336k
[    5.920193] Freeing unused kernel memory: 1744K
[    5.921046] Freeing unused kernel memory: 108K
Loading, please wait...
starting version[    5.931875] random: systemd-udevd: uninitialized urandom read (16 bytes read, 2 bits of entropy available)
 229
[    5.932522] random: udevadm: uninitialized urandom read (16 bytes read, 2 bits of entropy available)
[    5.932543] random: udevadm: uninitialized urandom read (16 bytes read, 2 bits of entropy available)
[    5.936731] random: systemd-udevd: uninitialized urandom read (16 bytes read, 2 bits of entropy available)
[    5.937979] random: systemd-udevd: uninitialized urandom read (16 bytes read, 2 bits of entropy available)
[    5.939234] random: systemd-udevd: uninitialized urandom read (16 bytes read, 2 bits of entropy available)
[    5.939725] random: udevadm: uninitialized urandom read (16 bytes read, 2 bits of entropy available)
[    5.939761] random: udevadm: uninitialized urandom read (16 bytes read, 2 bits of entropy available)
[    5.939878] random: udevadm: uninitialized urandom read (16 bytes read, 2 bits of entropy available)
[    5.939921] random: udevadm: uninitialized urandom read (16 bytes read, 2 bits of entropy available)
[    5.973883] e1000: Intel(R) PRO/1000 Network Driver - version 7.3.21-k8-NAPI
[    5.973890] Fusion MPT base driver 3.04.20
[    5.973890] Copyright (c) 1999-2008 LSI Corporation
[    6.520653] e1000: Copyright (c) 1999-2006 Intel Corporation.
[    6.614394] AVX version of gcm_enc/dec engaged.
[    6.646441] AES CTR mode by8 optimization enabled
[    6.702364] Fusion MPT SPI Host driver 3.04.20
[    7.090125] input: ImExPS/2 Generic Explorer Mouse as /devices/platform/i8042/serio1/input/input4
[    7.377316] e1000 0000:00:03.0 eth0: (PCI:33MHz:32-bit) 02:7e:71:36:a3:a3
[    7.576896] e1000 0000:00:03.0 eth0: Intel(R) PRO/1000 Network Connection
[    7.694291] mptbase: ioc0: Initiating bringup
[    7.694892] e1000 0000:00:03.0 enp0s3: renamed from eth0
[    7.760785] ioc0: LSI53C1030 A0: Capabilities={Initiator}
[    8.077972] scsi host2: ioc0: LSI53C1030 A0, FwRev=00000000h, Ports=1, MaxQ=256, IRQ=20
[    8.197065] scsi 2:0:0:0: Direct-Access     VBOX     HARDDISK         1.0  PQ: 0 ANSI: 5
[    8.432875] scsi target2:0:0: Beginning Domain Validation
[    8.592138] scsi target2:0:0: Domain Validation skipping write tests
[    8.593932] scsi target2:0:0: Ending Domain Validation
[    8.594547] scsi target2:0:0: asynchronous
[    8.602382] scsi 2:0:1:0: Direct-Access     VBOX     HARDDISK         1.0  PQ: 0 ANSI: 5
[    8.603384] scsi target2:0:1: Beginning Domain Validation
[    8.604373] scsi target2:0:1: Domain Validation skipping write tests
[    8.605061] scsi target2:0:1: Ending Domain Validation
[    8.605713] scsi target2:0:1: asynchronous
[    8.609554] sd 2:0:0:0: [sda] 20971520 512-byte logical blocks: (10.7 GB/10.0 GiB)
[    8.751978] sd 2:0:0:0: [sda] Write Protect is off
[    8.752040] sd 2:0:0:0: Attached scsi generic sg0 type 0
[    8.752571] sd 2:0:1:0: Attached scsi generic sg1 type 0
[    8.759584] sd 2:0:1:0: [sdb] 20480 512-byte logical blocks: (10.5 MB/10.0 MiB)
[    8.759598] sd 2:0:0:0: [sda] Incomplete mode parameter data
[    8.759599] sd 2:0:0:0: [sda] Assuming drive cache: write through
[    8.762776] sd 2:0:1:0: [sdb] Write Protect is off
[    8.763695] sd 2:0:1:0: [sdb] Incomplete mode parameter data
[    8.764401] sd 2:0:1:0: [sdb] Assuming drive cache: write through
[    8.790346]  sda: sda1
[    8.817404] sd 2:0:0:0: [sda] Attached SCSI disk
[    8.819419] sd 2:0:1:0: [sdb] Attached SCSI disk
[    9.632782] floppy0: no floppy controllers found
[    9.750950] work still pending
Begin: Loading e[   11.071244] md: linear personality registered for level -1
ssential drivers ... [   11.090927] md: multipath personality registered for level -4
[   11.093564] md: raid0 personality registered for level 0
[   11.679338] md: raid1 personality registered for level 1
[   11.886818] raid6: sse2x1   gen() 12795 MB/s
[   11.972691] raid6: sse2x1   xor()  8070 MB/s
[   12.408669] raid6: sse2x2   gen() 14056 MB/s
[   12.504590] raid6: sse2x2   xor()  8589 MB/s
[   12.748474] raid6: sse2x4   gen() 16128 MB/s
[   12.988571] raid6: sse2x4   xor() 10052 MB/s
[   12.992111] raid6: using algorithm sse2x4 gen() 16128 MB/s
[   12.992770] raid6: .... xor() 10052 MB/s, rmw enabled
[   12.993357] raid6: using ssse3x2 recovery algorithm
[   12.995287] xor: automatically using best checksumming function:
[   13.104354]    avx       : 23501.000 MB/sec
[   13.227420] async_tx: api initialized (async)
[   13.672998] md: raid6 personality registered for level 6
[   14.037540] md: raid5 personality registered for level 5
[   14.047785] md: raid4 personality registered for level 4
[   14.053425] md: raid10 personality registered for level 10
done.
Begin: Running /scripts/init-premount ... done.
Begin: M[   14.619827] Btrfs loaded
ounting root file system ... Begin: Running /scripts/local-top .[   14.727809] EXT4-fs (sda1): mounted filesystem with ordered data mode. Opts: (null)
.. done.
Begin: Running /scripts/local-premount ... Scanning for Btrfs filesystems
done.
Warning: fsck not present, so skipping root file system
done.
Begin: Running /scripts/local-bottom ... done.
Begin: Running /scripts/init-bottom ... done.
[   15.050066] systemd[1]: systemd 229 running in system mode. (+PAM +AUDIT +SELINUX +IMA +APPARMOR +SMACK +SYSVINIT +UTMP +LIBCRYPTSETUP +GCRYPT +GNUTLS +ACL +XZ -LZ4 +SECCOMP +BLKID +ELFUTILS +KMOD -IDN)
[   15.078993] systemd[1]: Detected virtualization oracle.
[   15.080013] systemd[1]: Detected architecture x86-64.

Welcome to [1mUbuntu 16.04.3 LTS[0m!

[   15.094763] systemd[1]: Set hostname to <ubuntu>.
[   15.097211] systemd[1]: Initializing machine ID from random generator.
[   15.103993] systemd[1]: Installed transient /etc/machine-id file.
[   15.223803] systemd[1]: Started Trigger resolvconf update for networkd DNS.
[[0;32m  OK  [0m] Started Trigger resolvconf update for networkd DNS.
[   15.336672] systemd[1]: Listening on udev Control Socket.
[[0;32m  OK  [0m] Listening on udev Control Socket.
[   15.520784] systemd[1]: Set up automount Arbitrary Executable File Formats File System Automount Point.
[[0;32m  OK  [0m] Set up automount Arbitrary Executab...ats File System Automount Point.
[   15.852503] systemd[1]: Reached target Swap.
[[0;32m  OK  [0m] Reached target Swap.
[   16.004901] systemd[1]: Created slice System Slice.
[[0;32m  OK  [0m] Created slice System Slice.
[   16.123585] systemd[1]: Created slice system-serial\x2dgetty.slice.
[[0;32m  OK  [0m] Created slice system-serial\x2dgetty.slice.
[   16.134644] systemd[1]: Created slice User and Session Slice.
[[0;32m  OK  [0m] Created slice User and Session Slice.
[   16.141911] systemd[1]: Started Forward Password Requests to Wall Directory Watch.
[[0;32m  OK  [0m] Started Forward Password Requests to Wall Directory Watch.
[   16.404581] systemd[1]: Listening on Journal Socket (/dev/log).
[[0;32m  OK  [0m] Listening on Journal Socket (/dev/log).
[   16.624698] systemd[1]: Listening on Syslog Socket.
[[0;32m  OK  [0m] Listening on Syslog Socket.
[   16.804647] systemd[1]: Reached target Slices.
[[0;32m  OK  [0m] Reached target Slices.
[   16.964655] systemd[1]: Reached target User and Group Name Lookups.
[[0;32m  OK  [0m] Reached target User and Group Name Lookups.
[   17.183027] systemd[1]: Listening on Device-mapper event daemon FIFOs.
[[0;32m  OK  [0m] Listening on Device-mapper event daemon FIFOs.
[   17.185360] systemd[1]: Listening on udev Kernel Socket.
[[0;32m  OK  [0m] Listening on udev Kernel Socket.
[   17.187301] systemd[1]: Listening on Journal Socket.
[[0;32m  OK  [0m] Listening on Journal Socket.
[   17.200474] systemd[1]: Starting Remount Root and Kernel File Systems...
         Starting Remount Root and Kernel File Systems...
[   17.203936] systemd[1]: Starting Create list of required static device nodes for the current kernel...
         [   17.458656] EXT4-fs (sda1): re-mounted. Opts: (null)
Starting Create list of required st... nodes for the current kernel...
[   18.002742] systemd[1]: Mounting POSIX Message Queue File System...
         Mounting POSIX Message Queue File System...
[   18.236636] systemd[1]: Starting Uncomplicated firewall...
         Starting Uncomplicated firewall...
[   18.254205] systemd[1]: Starting Load Kernel Modules...
         Starting Load Kernel Modules...[   18.283499] Loading iSCSI transport class v2.0-870.

[   18.286764] systemd[1]: Mounting Huge Pages File System...
         Mounting Huge Pages File System...
[   18.302514] systemd[1]: Reached target Encrypted Volumes.
[[0;32m  OK  [0m] Reached target Encrypted Volumes.
[   18.304130] iscsi: registered transport (tcp)
[   18.304600] systemd[1]: Starting Nameserver information manager...
         Starting Nameserver information manager...
[   18.311544] systemd[1]: Listening on LVM2 poll daemon socket.
[[0;32m  OK  [0m] Listening on LVM2 poll daemon socket.
[   18.313448] systemd[1]: Listening on /dev/initctl Compatibility Named Pipe.
[[0;32m  OK  [0m] Listening on /dev/initctl Compatibility Named Pipe.
[   18.318911] systemd[1]: Starting Set console keymap...
         Starting Set console keymap...
[   18.336659] iscsi: registered transport (iser)
[   18.348436] systemd[1]: Mounting Debug File System...
         Mounting Debug File System...
[   18.352993] systemd[1]: Listening on Journal Audit Socket.
[[0;32m  OK  [0m] Listening on Journal Audit Socket.
[   18.361194] systemd[1]: Starting Journal Service...
         Starting Journal Service...
[   18.364798] systemd[1]: Listening on LVM2 metadata daemon socket.
[[0;32m  OK  [0m] Listening on LVM2 metadata daemon socket.
[   18.420588] systemd[1]: Starting Monitoring of LVM2 mirrors, snapshots etc. using dmeventd or progress polling...
         Starting Monitoring of LVM2 mirrors... dmeventd or progress polling...
[   18.789559] systemd[1]: Mounted Huge Pages File System.
[[0;32m  OK  [0m] Mounted Huge Pages File System.
[   18.897737] systemd[1]: Mounted POSIX Message Queue File System.
[[0;32m  OK  [0m] Mounted POSIX Message Queue File System.
[   18.905004] systemd[1]: Mounted Debug File System.
[[0;32m  OK  [0m] Mounted Debug File System.[   18.906251] random: nonblocking pool is initialized

[   18.907133] systemd[1]: Started Journal Service.
[[0;32m  OK  [0m] Started Journal Service.
[[0;32m  OK  [0m] Started Remount Root and Kernel File Systems.
[[0;32m  OK  [0m] Started Create list of required sta...ce nodes for the current kernel.
[[0;32m  OK  [0m] Started Uncomplicated firewall.
[[0;32m  OK  [0m] Started Load Kernel Modules.
[[0;32m  OK  [0m] Started Set console keymap.
[[0;32m  OK  [0m] Started Nameserver information manager.
[[0;32m  OK  [0m] Started LVM2 metadata daemon.
         Mounting FUSE Control File System...
         Starting Apply Kernel Variables...
         Starting Create Static Device Nodes in /dev...
         Starting Load/Save Random Seed...
         Starting Initial cloud-init job (pre-networking)...
         Starting udev Coldplug all Devices...
         Starting Flush Journal to Persistent Storage...
[[0;32m  OK  [0m] Mounted FUSE Control File System.
[[0;32m  OK  [0m] Started Apply Kernel Variables.
[[0;32m  OK  [0m] Started Create Static Device Nodes in /dev.
[[0;32m  OK  [0m] Started Load/Save Random Seed.
         Starting udev Kernel Device Manager...
[[0;32m  OK  [0m] Started udev Kernel Device Manager.
[[0;32m  OK  [0m] Started Flush Journal to Persistent Storage.
[[0;32m  OK  [0m] Started udev Coldplug all Devices.
[[0;32m  OK  [0m] Started Dispatch Password Requests to Console Directory Watch.
[[0;32m  OK  [0m] Started Monitoring of LVM2 mirrors,...ng dmeventd or progress polling.
[[0;32m  OK  [0m] Found device /dev/ttyS0.
[[0;32m  OK  [0m] Reached target Local File Systems (Pre).
[[0;32m  OK  [0m] Reached target Local File Systems.
         Starting Tell Plymouth To Write Out Runtime Data...
         Starting Create Volatile Files and Directories...
         Starting Commit a transient machine-id on disk...
         Starting LSB: AppArmor initialization...
         Starting Set console font and keymap...
[[0;32m  OK  [0m] Started Tell Plymouth To Write Out Runtime Data.
[[0;32m  OK  [0m] Started Create Volatile Files and Directories.
[[0;32m  OK  [0m] Reached target System Time Synchronized.
         Starting Update UTMP about System Boot/Shutdown...
[[0;32m  OK  [0m] Started Commit a transient machine-id on disk.
[   18.675268] cloud-init[456]: Cloud-init v. 17.1 running 'init-local' at Sun, 19 Nov 2017 16:14:53 +0000. Up 18.31 seconds.
[[0;32m  OK  [0m] Started Initial cloud-init job (pre-networking).
[[0;32m  OK  [0m] Started LSB: AppArmor initialization.
[[0;32m  OK  [0m] Started Update UTMP about System Boot/Shutdown.
[[0;32m  OK  [0m] Listening on Load/Save RF Kill Switch Status /dev/rfkill Watch.
[[0;32m  OK  [0m] Reached target Network (Pre).
         Starting Raise network interfaces...
[[0;32m  OK  [0m] Started Set console font and keymap.
[[0;32m  OK  [0m] Created slice system-getty.slice.
[[0;32m  OK  [0m] Started Raise network interfaces.
         Starting Initial cloud-init job (metadata service crawler)...
[[0;32m  OK  [0m] Reached target Network.
[   22.190952] cloud-init[940]: Cloud-init v. 17.1 running 'init' at Sun, 19 Nov 2017 16:14:56 +0000. Up 21.62 seconds.
[   22.229465] [[0;32m  OK  [0m] Started Initial cloud-init job (metadata service crawler).
cloud-init[940]: ci-info: +++++++++++++++++++++++++++++++++++++Net device info++++++++++++++++++++++++++++++++++++++[[0;32m  OK  [0m] Reached target Cloud-config availability.
[[0;32m  OK  [0m] Reached target System Initialization.
[[0;32m  OK  [0m] Listening on D-Bus System Message Bus Socket.

[   22.232218] [[0;32m  OK  [0m] Started ACPI Events Check.
[[0;32m  OK  [0m] Reached target Paths.
cloud-init[940]: ci-info: +--------+------+----------------------------+---------------+-------+-------------------+
[   22.238210]          Starting LXD - unix socket.
         Starting Socket activation for snappy daemon.
[[0;32m  OK  [0m] Started Daily Cleanup of Temporary Directories.
[[0;32m  OK  [0m] Listening on UUID daemon activation socket.
[[0;32m  OK  [0m] Started Timer to automatically refresh installed snaps.
[[0;32m  OK  [0m] Listening on ACPID Listen Socket.
[[0;32m  OK  [0m] Reached target Network is Online.
cloud-init[940]: ci-info: | Device |  Up  |          Address           |      Mask     | Scope |     Hw-Address    |
[   22.241903] cloud-init[940]: ci-info: +--------+------+----------------------------+---------------+-------+-------------------+
[   22.243355] cloud-init[940]: ci-info: | enp0s3 | True |         10.0.2.15          | 255.255.255.0 |   .   | 02:7e:71:36:a3:a3 |
[   22.244832] cloud-init[940]: ci-info: | enp0s3 | True | fe80::7e:71ff:fe36:a3a3/64 |       .       |  link | 02:7e:71:36:a3:a3 |
[   22.246086] cloud-init[940]: ci-info: |   lo   | True |         127.0.0.1          |   255.0.0.0   |   .   |         .         |
[   22.247332] cloud-init[940]: ci-info: |   lo   | True |          ::1/128           |       .       |  host |         .         |
[   22.248605] cloud-init[940]: ci-info: +--------+------+----------------------------+---------------+-------+-------------------+
[   22.249870] cloud-init[940]: ci-info: +++++++++++++++++++++++++++Route IPv4 info++++++++++++++++++++++++++++
[   22.251003] cloud-init[940]: ci-info: +-------+-------------+----------+---------------+-----------+-------+
[   22.252151] cloud-init[940]: ci-info: | Route | Destination | Gateway  |    Genmask    | Interface | Flags |
[   22.253295] cloud-init[940]: ci-info: +-------+-------------+----------+---------------+-----------+-------+
[   22.254428] cloud-init[940]: ci-info: |   0   |   0.0.0.0   | 10.0.2.2 |    0.0.0.0    |   enp0s3  |   UG  |
[   22.255563] cloud-init[940]: ci-info: |   1   |   10.0.2.0  | 0.0.0.0  | 255.255.255.0 |   enp0s3  |   U   |         Starting iSCSI initiator daemon (iscsid)...
[[0;32m  OK  [0m] Started Daily apt download activities.
[[0;32m  OK  [0m] Started Daily apt upgrade and clean activities.
[[0;32m  OK  [0m] Reached target Timers.

[[0;32m  OK  [0m] Listening on LXD - unix socket.
[   22.258216] [[0;32m  OK  [0m] Listening on Socket activation for snappy daemon.
cloud-init[[0;32m  OK  [0m] Reached target Sockets.
[[0;32m  OK  [0m] Reached target Basic System.
[940]: ci-info: +-------+-------------+----------+---------------+-----------+-------+
         Starting Pollinate to seed the pseudo random number generator...
         Starting Apply the settings specified in cloud-config...
         Starting LSB: MD monitoring daemon...
         Starting Accounts Service...
[   22.263053] cloud-init[940]: Generating public/private rsa key pair.
[   22.263827] cloud-init[940]: Your identification has been saved in /etc/ssh/ssh_host_rsa_key.
         Starting System Logging Service...
[[0;32m  OK  [0m] Started ACPI event daemon.
[[0;32m  OK  [0m] Started D-Bus System Message Bus.
[   22.268911] cloud-init[940]: Your public key has been saved in /etc/ssh/ssh_host_rsa_key.pub.
[   22.287145] cloud-init[940]: The key fingerprint is:
[   22.304456] cloud-init[940]: SHA256:wuZbuOFIv4KqV4vl9EZosyQa44clmIDF+16JTOKT9Jk root@ubuntu-xenial
[   22.305510] cloud-init[940]: The key's randomart image is:
[   22.306287] cloud-init[940]: +---[RSA 2048]----+
[   22.307003] cloud-init[940]: | .               |
[   22.308422] cloud-init[940]: |  o              |
[   22.360280]          cloud-initStarting /etc/rc.local Compatibility...[940]: 
|.. .             |
[   22.414639] [[0;32m  OK  [0m] Started Regular background program processing daemon.
cloud-init[940]: |o + ..           |
[   22.416156] cloud-init[940]: |o+ B =+.S        |
[   22.417009] cloud-init[940]: |=.=.Eo+o         |
[   22.417824] cloud-init[940]: |.++&.B+ .        |
[   22.418617] cloud-init[940]: |.o+o*+o=         |
[   22.419412] cloud-init[940]: |+o. .o*.         |
         Starting LXD - container startup/shutdown...
[[0;32m  OK  [0m] Started Unattended Upgrades Shutdown.
[   22.435176] cloud-init[940]: +----[SHA256]-----+
[   22.492974] cloud-init[940]: Generating public/private dsa key pair.
[   22.497377] cloud-init[940]: Your identification has been saved in /etc/ssh/ssh_host_dsa_key.
[   22.501532] cloud-init[940]: Your public key has been saved in /etc/ssh/ssh_host_dsa_key.pub.
[   22.504199] cloud-init[940]: The key fingerprint is:
[   22.508484] cloud-init[940]: SHA256:KnxXs9zFzsCk37s/cyzdeFOtYOctV2ZBR9o+fMbOba8 root@ubuntu-xenial
[[0;32m  OK  [0m] Started Deferred execution scheduler.
[   22.515067]          Starting Login Service...
[[0;32m  OK  [0m] Started FUSE filesystem for LXC.
cloud-init[940]: The key's randomart image is:
         Starting Snappy daemon...
[   22.608763] cloud-init[940]: +---[DSA 1024]----+
[   22.629683] cloud-init         Starting LSB: Record successful boot for GRUB...
[940]: |               ..|
[   22.631025] cloud-init[[0;32m  OK  [0m] Started System Logging Service.
[[0;32m  OK  [0m] Started Snappy daemon.
[940]: |               +.|[
[0;32m  OK  [0m] Started /etc/rc.local Compatibility.
[   22.632990] cloud-init[940]: [[0;32m  OK  [0m] Started LXD - container startup/shutdown.
|            . o o|
[   22.635910] cloud-init[940]: |           + ..+ |
[   22.636871] cloud-init[940]: |        S + o ooB|
[   22.639486] cloud-init[940]: |   .   . o =o*.+X|
[   22.640329] cloud-init[940]: |    o o . o.o++OO|
[   22.641306] cloud-init[940]: |     o .      **X|
[   22.642117] cloud-init[940]: |              EOB|
[   22.643039] cloud-init[940]: +----[SHA256]-----+
[   22.643840] cloud-init[940]: Generating public/private ecdsa key pair.
[   22.644806] cloud-init[940]: Your identification has been saved in /etc/ssh/ssh_host_ecdsa_key.
[   22.645905] cloud-init[940]: Your public key has been saved in /etc/ssh/ssh_host_ecdsa_key.pub.
[   22.646963] cloud-init[940]: The key fingerprint is:
[   22.650370] cloud-init[940]: SHA256:ND5JCcnXh5mkh0mflAyzQdZWeR2f5ZJ1QOsrgwoH3zM root@ubuntu-xenial
[   22.653599] cloud-init[940]: The key's randomart image is:
[   22.654828] cloud-init[940]: +---[ECDSA 256]---+
[   22.656086] cloud-init[940]: |     ..oB*o*.oo+=|
[   22.657238] cloud-init[940]: |      o+.@X.o .=*|
[   22.658168] cloud-init[940]: |       .X.+. .+.o|
[   22.658983] cloud-init[940]: |       + +   . . |
[   22.659890] cloud-init[940]: |      . S     .  |
[   22.660718] cloud-init[940]: |       o o .   . |
[   22.661734] cloud-init[940]: |      . o E o .  |
[   22.662550] cloud-init[940]: |       o . o o   |
[   22.663372] cloud-init[940]: |        .        |
[   22.664232] cloud-init[940]: +----[SHA256]-----+
[   22.665059] cloud-init[940]: Generating public/private ed25519 key pair.
[   22.665977] cloud-init[940]: Your identification has been saved in /etc/ssh/ssh_host_ed25519_key.
[   22.667024] cloud-init[940]: Your public key has been saved in /etc/ssh/ssh_host_ed25519_key.pub.
[   22.668093] cloud-init[940]: The key fingerprint is:
[   22.668935] cloud-init[940]: SHA256:6babODpmiOS5knokzj+YIMiaXRJSSk77M+HdsUgzsjg root@ubuntu-xenial
[   22.669988] cloud-init[940]: The key's randomart image is:
         Starting Authenticate and Authorize Users to Run Privileged Tasks...
[[0;32m  OK  [0m] Started LSB: MD monitoring daemon.
[[0;32m  OK  [0m] Started iSCSI initiator daemon (iscsid).
[   22.708600] cloud-init[940]: +--[ED25519 256]--+
[[0;32m  OK  [0m] Started Login Service.
[   22.716313] cloud-init[940]: |                 |
[   22.721530]          cloud-initStarting Login to default iSCSI targets...[940]: 
| o.              |
[[0;32m  OK  [0m] Started Authenticate and Authorize Users to Run Privileged Tasks.
[   22.760672] cloud-init[940]: |+o.              |
[   22.908256] [cloud-init[0;32m  OK  [0m[940]: ] |oo.o + . .       |Started LSB: Record successful boot for GRUB.

[   22.908513] cloud-init[940]: |o.+.* = S        |
[   22.938282] [[0;32m  OK  [0m] Started Accounts Service.
cloud-init[940]: |=Eo*.o +         |
[   22.939577] cloud-init[940]: |OB=+o   o        |
[   22.940480] cloud-init[940]: |*B+.+ .o o       |
[   22.941314] cloud-init[940]: |+oo+oo..+.       |
[   22.942109] cloud-init[940]: +----[SHA256]-----+
[   22.959227] cloud-init[1031]: Generating locales (this might take a while)...
[[0;32m  OK  [0m] Started Login to default iSCSI targets.
[[0;32m  OK  [0m] Reached target Remote File Systems (Pre).
[[0;32m  OK  [0m] Reached target Remote File Systems.
         Starting LSB: Set the CPU Frequency Scaling governor to "ondemand"...
         Starting LSB: VirtualBox Linux Additions...
         Starting LSB: daemon to balance interrupts for SMP systems...
         Starting LSB: automatic crash report generation...
         Starting Permit User Sessions...
[[0;32m  OK  [0m] Started Permit User Sessions.
[[0;32m  OK  [0m] Started LSB: Set the CPU Frequency Scaling governor to "ondemand".
[[0;32m  OK  [0m] Started LSB: VirtualBox Linux Additions.
         Starting Terminate Plymouth Boot Screen...
[   23.337846] cloud-init[1031]:   en_US.UTF-8... done
         Starting Hold until boot process finishes up...
[   23.408700] cloud-init[1031]: Generation complete.
[[0;32m  OK  [0m] Started LSB: daemon to balance interrupts for SMP systems.
[[0;32m  OK  [0m] Started LSB: automatic crash report generation.
[[0;32m  OK  [0m] Started Terminate Plymouth Boot Screen.
[[0;32m  OK  [0m] Started Hold until boot process finishes up.
         Starting Set console scheme...
[[0;32m  OK  [0m] Started Serial Getty on ttyS0.
[[0;32m  OK  [0m] Started Getty on tty1.
[[0;32m  OK  [0m] Reached target Login Prompts.
[[0;32m  OK  [0m] Started Pollinate to seed the pseudo random number generator.
[[0;32m  OK  [0m] Started Set console scheme.
[[0;32m  OK  [0m] Stopped OpenBSD Secure Shell server.
         Starting OpenBSD Secure Shell server...
[[0;32m  OK  [0m] Started OpenBSD Secure Shell server.
[[0;32m  OK  [0m] Reached target Multi-User System.
[[0;32m  OK  [0m] Reached target Graphical Interface.
         Starting Update UTMP about System Runlevel Changes...
[[0;32m  OK  [0m] Started Update UTMP about System Runlevel Changes.
[   24.284867] cloud-init[1031]: Cloud-init v. 17.1 running 'modules:config' at Sun, 19 Nov 2017 16:14:57 +0000. Up 22.50 seconds.
[[0;32m  OK  [0m] Started Apply the settings specified in cloud-config.
         Starting Execute cloud user/final scripts...
ci-info: no authorized ssh keys fingerprints found for user ubuntu.
<14>Nov 19 16:14:59 ec2: 
<14>Nov 19 16:14:59 ec2: #############################################################
<14>Nov 19 16:14:59 ec2: -----BEGIN SSH HOST KEY FINGERPRINTS-----
<14>Nov 19 16:14:59 ec2: 1024 SHA256:KnxXs9zFzsCk37s/cyzdeFOtYOctV2ZBR9o+fMbOba8 root@ubuntu-xenial (DSA)
<14>Nov 19 16:14:59 ec2: 256 SHA256:ND5JCcnXh5mkh0mflAyzQdZWeR2f5ZJ1QOsrgwoH3zM root@ubuntu-xenial (ECDSA)
<14>Nov 19 16:14:59 ec2: 256 SHA256:6babODpmiOS5knokzj+YIMiaXRJSSk77M+HdsUgzsjg root@ubuntu-xenial (ED25519)
<14>Nov 19 16:14:59 ec2: 2048 SHA256:wuZbuOFIv4KqV4vl9EZosyQa44clmIDF+16JTOKT9Jk root@ubuntu-xenial (RSA)
<14>Nov 19 16:14:59 ec2: -----END SSH HOST KEY FINGERPRINTS-----
<14>Nov 19 16:14:59 ec2: #############################################################
-----BEGIN SSH HOST KEY KEYS-----
ecdsa-sha2-nistp256 AAAAE2VjZHNhLXNoYTItbmlzdHAyNTYAAAAIbmlzdHAyNTYAAABBBIefUaUpDMkZ0u3JM1YVCRZn01ZVQneUEw58f9KVWXkF6jVRo34IfLnfpK6+c8YciPd0N4RSyPbDnHx5JO1WBcs= root@ubuntu-xenial
ssh-ed25519 AAAAC3NzaC1lZDI1NTE5AAAAIKQk0Q1En85Q8bWIocM4ShJGjWYxj9GPHJHflDUxGuOl root@ubuntu-xenial
ssh-rsa AAAAB3NzaC1yc2EAAAADAQABAAABAQDVdADeizKinQdcJhlcthSwwT5D7Jj9ScKoGCJW9PLjnodzz/XriREXFD5YkF9Sy1olPSTo1OjVszrJW6AwUkHALlCtuFboyqUjJRYVtFrGpPE1LV3mh0x5lSvrlN2Tld7t7BU1+VRvYiVH4stsXaZDGUA0CmvlHPTAkW5K/Zn1sYck4oPbyqcYpXy/MrsU+MizsCr+CracjtiaHvTQoySK+aGZc9jEMD0MeAIoCJRzmXgGealxGl5YoYH7mAe4B2ClOhCVWj67avga70yMCjddPUC5ThwYdIxY0ReuODDTcDF/3DFF2Wlcm0qV8mkAqbotE5ufjAr7Vctee7yFAqHL root@ubuntu-xenial
-----END SSH HOST KEY KEYS-----
[   25.327058] cloud-init[1301]: Cloud-init v. 17.1 running 'modules:final' at Sun, 19 Nov 2017 16:14:59 +0000. Up 24.52 seconds.
[   25.347363] cloud-init[1301]: ci-info: no authorized ssh keys fingerprints found for user ubuntu.
[   25.349472] cloud-init[1301]: Cloud-init v. 17.1 finished at Sun, 19 Nov 2017 16:15:00 +0000. Datasource DataSourceNoCloud [seed=/dev/sdb][dsmode=net].  Up 25.32 seconds
[[0;32m  OK  [0m] Started Execute cloud user/final scripts.
[[0;32m  OK  [0m] Reached target Cloud-init target.

Ubuntu 16.04.3 LTS ubuntu-xenial ttyS0

ubuntu-xenial login: 